MemTotal:       12161504 kB
MemFree:          336728 kB
MemAvailable:    5679764 kB
Buffers:          663688 kB
Cached:          5303480 kB
SwapCached:         1000 kB
Active:          3873676 kB
Inactive:        6693456 kB
Active(anon):     156108 kB
Inactive(anon):  5224560 kB
Active(file):    3717568 kB
Inactive(file):  1468896 kB
Unevictable:      221948 kB
Mlocked:              76 kB
SwapTotal:      14998524 kB
SwapFree:       14945060 kB
Zswap:                 0 kB
Zswapped:              0 kB
Dirty:              1400 kB
Writeback:             0 kB
AnonPages:       4821028 kB
Mapped:          1201232 kB
Shmem:            786040 kB
KReclaimable:     480924 kB
Slab:             750504 kB
SReclaimable:     480924 kB
SUnreclaim:       269580 kB
KernelStack:       25536 kB
PageTables:        60620 kB
NFS_Unstable:          0 kB
Bounce:                0 kB
WritebackTmp:          0 kB
CommitLimit:    21079276 kB
Committed_AS:   17801176 kB
VmallocTotal:   34359738367 kB
VmallocUsed:       98196 kB
VmallocChunk:          0 kB
Percpu:            10272 kB
HardwareCorrupted:     0 kB
AnonHugePages:         0 kB
ShmemHugePages:        0 kB
ShmemPmdMapped:        0 kB
FileHugePages:         0 kB
FilePmdMapped:         0 kB
HugePages_Total:       0
HugePages_Free:        0
HugePages_Rsvd:        0
HugePages_Surp:        0
Hugepagesize:       2048 kB
Hugetlb:               0 kB
DirectMap4k:      657012 kB
DirectMap2M:    11833344 kB
DirectMap1G:           0 kB
